TAP version 13
    # Subtest: parent
before 1 parent
done
        # Subtest: child
before 1 child
before 2 child
            # Subtest: grandchild
before 1 grandchild
before 2 grandchild
            ok 1 - the only actual assertion
after 2 undefined
            not ok 2 - test unfinished: grandchild
              ---
              {"at":{"column":7,"file":"test/test/before-after-each-promise.js","line":35},"source":"t.test('grandchild', function (t) {\n"}
              ...
            1..2
            # failed 1 of 2 tests
        not ok 1 - grandchild ___/# time=[0-9.]+(ms)?/~~~
          ---
          {"at":{"column":7,"file":"test/test/before-after-each-promise.js","line":35},"error":"this is fine","results":{"count":2,"fail":1,"ok":false,"pass":1,"plan":{"end":2,"start":1}},"source":"t.test('grandchild', function (t) {\n"}
          ...

        not ok 2 - test point left in queue: not ok - Error: this is fine
          ---
          {"at":{"column":23,"file":"test/test/before-after-each-promise.js","line":28},"message":"Error: this is fine","source":"return reject(new Error('this is fine'))\n","test":"child"}
          ...
after 2 undefined

