TAP version 13
ok 1 - thisPasses ___/# time=[0-9.]+(ms)?/~~~ {
    ok 1 - expected to throw: Error one
    ok 2 - threw expected error
    1..2
}

ok 2 - expected to throw: Error one
ok 3 - threw expected error
not ok 4 - one ___/# time=[0-9.]+(ms)?/~~~ {
    not ok 1 - one-sub ___/# time=[0-9.]+(ms)?/~~~ {
        not ok 1 - er one-sub
          ---
          {"test":"one-sub"}
          ...
        
        1..1
        # failed 1 test
    }
    
    1..1
    # failed 1 test
}

not ok 5 - two ___/# time=[0-9.]+(ms)?/~~~ {
    not ok 1 - two-sub ___/# time=[0-9.]+(ms)?/~~~ {
        not ok 1 - er two-sub
          ---
          {"test":"two-sub"}
          ...
        
        1..1
        # failed 1 test
    }
    
    1..1
    # failed 1 test
}

not ok 6 - tre ___/# time=[0-9.]+(ms)?/~~~ {
    not ok 1 - tre-sub ___/# time=[0-9.]+(ms)?/~~~ {
        not ok 1 - er tre-sub
          ---
          {"test":"tre-sub"}
          ...
        
        1..1
        # failed 1 test
    }
    
    1..1
    # failed 1 test
}

not ok 7 - for ___/# time=[0-9.]+(ms)?/~~~ {
    not ok 1 - for-sub ___/# time=[0-9.]+(ms)?/~~~ {
        not ok 1 - er for-sub
          ---
          {"test":"for-sub"}
          ...
        
        1..1
        # failed 1 test
    }
    
    1..1
    # failed 1 test
}

not ok 8 - fiv ___/# time=[0-9.]+(ms)?/~~~ {
    not ok 1 - fiv-sub ___/# time=[0-9.]+(ms)?/~~~ {
        not ok 1 - er fiv-sub
          ---
          {"test":"fiv-sub"}
          ...
        
        1..1
        # failed 1 test
    }
    
    1..1
    # failed 1 test
}

not ok 9 - six ___/# time=[0-9.]+(ms)?/~~~ {
    not ok 1 - six-sub ___/# time=[0-9.]+(ms)?/~~~ {
        not ok 1 - er six-sub
          ---
          {"test":"six-sub"}
          ...
        
        1..1
        # failed 1 test
    }
    
    1..1
    # failed 1 test
}

not ok 10 - svn ___/# time=[0-9.]+(ms)?/~~~ {
    not ok 1 - svn-sub ___/# time=[0-9.]+(ms)?/~~~ {
        not ok 1 - er svn-sub
          ---
          {"test":"svn-sub"}
          ...
        
        1..1
        # failed 1 test
    }
    
    1..1
    # failed 1 test
}

not ok 11 - eit ___/# time=[0-9.]+(ms)?/~~~ {
    not ok 1 - eit-sub ___/# time=[0-9.]+(ms)?/~~~ {
        not ok 1 - er eit-sub
          ---
          {"test":"eit-sub"}
          ...
        
        1..1
        # failed 1 test
    }
    
    1..1
    # failed 1 test
}

1..11
# failed 8 of 11 tests
___/# time=[0-9.]+(ms)?/~~~

