TAP version 13
ok 1 - ___/.*(node(js)?|iojs)(.exe)?.*/~~~exit-on-exit.js subtest ___/# time=[0-9.]+(ms)?/~~~ {
    # Subtest: memoizes identical registry requests
        1..2
        ok 1 - got a manifest
        ok 2 - got a manifest
    ok 1 - memoizes identical registry requests ___/# time=[0-9.]+(ms)?/~~~
    
    # Subtest: tag requests memoize versions
        1..2
        ok 1 - (unnamed test)
        ok 2 - (unnamed test)
    ok 2 - tag requests memoize versions ___/# time=[0-9.]+(ms)?/~~~
    
    # Subtest: tag requests memoize tags
        1..2
        ok 1 - got a manifest
        ok 2 - got a manifest
    ok 3 - tag requests memoize tags ___/# time=[0-9.]+(ms)?/~~~
    
    ok 4 - memoization is scoped to a given cache # TODO
    # Subtest: inflights concurrent requests
        1..2
        ok 1 - got a manifest
        ok 2 - got a manifest
    ok 5 - inflights concurrent requests ___/# time=[0-9.]+(ms)?/~~~
    
    # Subtest: supports fetching from an optional cache
        ok 1 - should be equivalent
        1..1
    ok 6 - supports fetching from an optional cache ___/# time=[0-9.]+(ms)?/~~~
    
    ok 7 - expires stale request data # TODO
    ok 8 - falls back to registry if cache entry is invalid JSON # TODO
    ok 9 - does not insert plain manifests into the cache # TODO
    # Subtest: falls back to registry if cache entry missing
        1..0
    ok 10 - falls back to registry if cache entry missing ___/# time=[0-9.]+(ms)?/~~~
    
    ok 11 - allows forcing use of cache when data stale # TODO
    1..11
    # todo: 5
    ___/# time=[0-9.]+(ms)?/~~~
}

1..1
___/# time=[0-9.]+(ms)?/~~~

