TAP version 13
ok 1 - a set of tests to be done later ___/# time=[0-9.]+(ms)?/~~~ {
    ok 1 - should have a thingie # TODO
    ok 2 - should have a second whoosits also # TODO
    ok 3 - the subset ___/# time=[0-9.]+(ms)?/~~~ {
        ok 1 - should be a child thingie # TODO
        ok 2 - should also be a whoosits # TODO
        ok 3 - has some of these things ___/# time=[0-9.]+(ms)?/~~~ {
            1..0
        }
        
        1..3
        # todo: 2
    }
    
    1..3
    # todo: 2
}

ok 2 - describe todo # TODO
ok 3 - another set of tests ___/# time=[0-9.]+(ms)?/~~~ {
    ok 1 - is a second set # TODO
    ok 2 - looks like english # TODO
    ok 3 - is marked TODO # TODO
    1..3
    # todo: 3
}

ok 4 - reasonably indented things ___/# time=[0-9.]+(ms)?/~~~ {
    ok 1 - first subset ___/# time=[0-9.]+(ms)?/~~~ {
        ok 1 - has no asserts, only fails to throw ___/# time=[0-9.]+(ms)?/~~~ {
            1..0
        }
        
        ok 2 - is todo # TODO
        ok 3 - is async ___/# time=[0-9.]+(ms)?/~~~ {
            1..0
        }
        
        1..3
        # todo: 1
    }
    
    ok 2 - second subset ___/# time=[0-9.]+(ms)?/~~~ {
        1..0
    }
    
    1..2
}

1..4
# todo: 1
___/# time=[0-9.]+(ms)?/~~~

