TAP version 13
# Subtest: Array
before
beforeEach should not throw an error
during should not throw an error
afterEach should not throw an error
    # Subtest: #indexOf()
        # Subtest: when not present
            # Subtest: should not throw an error
                1..0
            ok 1 - should not throw an error ___/# time=[0-9.]+(ms)?/~~~
            
beforeEach should return -1
during should return -1
afterEach should return -1
            # Subtest: should return -1
                1..0
            ok 2 - should return -1 ___/# time=[0-9.]+(ms)?/~~~
            
            1..2
        ok 1 - when not present ___/# time=[0-9.]+(ms)?/~~~
        
beforeEach should return the index where the element first appears in the array
during should return the index where the element first appears in the array
afterEach should return the index where the element first appears in the array
        # Subtest: when present
            # Subtest: should return the index where the element first appears in the array
                1..0
            ok 1 - should return the index where the element first appears in the array ___/# time=[0-9.]+(ms)?/~~~
            
            1..1
        ok 2 - when present ___/# time=[0-9.]+(ms)?/~~~
        
        1..2
    ok 1 - #indexOf() ___/# time=[0-9.]+(ms)?/~~~
    
after
after named
    1..1
ok 1 - Array ___/# time=[0-9.]+(ms)?/~~~

1..1
___/# time=[0-9.]+(ms)?/~~~

