TAP version 13
ok 1 - a set of tests to be done later {
    ok 1 - should have a thingie # TODO
    ok 2 - should have a second whoosits also # TODO
    ok 3 - the subset {
        ok 1 - should be a child thingie # TODO
        ok 2 - should also be a whoosits # TODO
        ok 3 - has some of these things {
            1..0
        }
        
        1..3
    }
    
    1..3
}

ok 2 - describe todo # TODO
ok 3 - another set of tests {
    ok 1 - is a second set # TODO
    ok 2 - looks like english # TODO
    ok 3 - is marked TODO # TODO
    1..3
}

ok 4 - reasonably indented things {
    ok 1 - first subset {
        ok 1 - has no asserts, only fails to throw
        ok 2 - is todo # TODO
        ok 3 - is async {
            1..0
        }
        
        1..3
    }
    
    ok 2 - second subset {
        1..0
    }
    
    1..2
}

not ok 5 - failing indented things {
    not ok 1 - first subset {
        not ok 1 - has no asserts, only throws
          ---
          {"actual":false,"at":{"column":7,"file":"test/test/mochalike.js","line":55},"expected":true,"generatedMessage":false,"message":"AssertionError: false is not true on line 50","name":"AssertionError","operator":"==","source":"ok(false, 'false is not true on line 50')\n"}
          ...
        
        Bail out! # has no asserts, only throws
    }
}

Bail out! # has no asserts, only throws

