TAP version 13
ok 1 - ___/.*(node|iojs)(.exe)?.*/~~~only.js child ___/# time=[0-9.]+(ms)?/~~~ {
    ok 1 - normal ___/# time=[0-9.]+(ms)?/~~~ {
        ok 1 - this is fine
        1..1
    }
    
    # "only" has `only` set but all tests run
    ok 2 - only ___/# time=[0-9.]+(ms)?/~~~ {
        ok 1 - only do this
        1..1
    }
    
    1..2
    ___/# time=[0-9.]+(ms)?/~~~
}

ok 2 - ___/.*(node|iojs)(.exe)?.*/~~~only.js child ___/# time=[0-9.]+(ms)?/~~~ {
    ok 1 - normal # SKIP
    # Subtest: only
        ok 1 - only do this
        1..1
    ok 2 - only ___/# time=[0-9.]+(ms)?/~~~
    
    1..2
    # skip: 1
    ___/# time=[0-9.]+(ms)?/~~~
}

ok 3 - ___/.*(node|iojs)(.exe)?/~~~ ./bin/run.js ___/.*/~~~only.js --test-arg=child ___/# time=[0-9.]+(ms)?/~~~ {
    # Subtest: ___/.*/~~~only.js
        ok 1 - normal # SKIP
        # Subtest: only
            ok 1 - only do this
            1..1
        ok 2 - only ___/# time=[0-9.]+(ms)?/~~~
        
        1..2
        # skip: 1
        ___/# time=[0-9.]+(ms)?/~~~
    ok 1 - ___/.*/~~~only.js ___/# time=[0-9.]+(ms)?/~~~
    
    1..1
    ___/# time=[0-9.]+(ms)?/~~~
}

ok 4 - ___/.*(node|iojs)(.exe)?/~~~ ./bin/run.js ___/.*/~~~only.js --test-arg=child --only ___/# time=[0-9.]+(ms)?/~~~ {
    ok 1 - ___/.*/~~~only.js ___/# time=[0-9.]+(ms)?/~~~ {
        ok 1 - normal # SKIP
        ok 2 - only ___/# time=[0-9.]+(ms)?/~~~ {
            ok 1 - only do this
            1..1
        }
        
        1..2
        # skip: 1
        ___/# time=[0-9.]+(ms)?/~~~
    }
    
    1..1
    ___/# time=[0-9.]+(ms)?/~~~
}

ok 5 - ___/.*(node|iojs)(.exe)?/~~~ ./bin/run.js ___/.*/~~~only.js --test-arg=child -O ___/# time=[0-9.]+(ms)?/~~~ {
    ok 1 - ___/.*/~~~only.js ___/# time=[0-9.]+(ms)?/~~~ {
        ok 1 - normal # SKIP
        ok 2 - only ___/# time=[0-9.]+(ms)?/~~~ {
            ok 1 - only do this
            1..1
        }
        
        1..2
        # skip: 1
        ___/# time=[0-9.]+(ms)?/~~~
    }
    
    1..1
    ___/# time=[0-9.]+(ms)?/~~~
}

1..5
___/# time=[0-9.]+(ms)?/~~~

