TAP version 13
    # Subtest: ___/.*/~~~pending-handles.js child
    ok 1 - this is ok
    not ok 2 - received SIGTERM with pending event queue activity
      ---
      {"handles":{"0":{"msecs":100000,"type":"Timer"},"1":{"connectionKey":"6::::8000","events":{"0":"request","1":"connection","2":"clientError"},"type":"Server"},"2":{"events":{"0":"end","1":"finish","2":"_socketEnd","3":"free","4":"close","5":"agentRemove","6":"drain","7":"error","8":"data"},"type":"Socket"},"3":{"events":{"0":"end","1":"finish","2":"_socketEnd","3":"drain","4":"timeout","5":"error","6":"close","7":"data","8":"resume","9":"pause"},"type":"Socket"}},"requests":{"0":{"type":"FSReqWrap"}}}
      ...
    1..2
    # failed 1 of 2 tests
    ___/# time=[0-9.]+(ms)?/~~~
not ok 1 - ___/.*/~~~pending-handles.js child ___/# time=[0-9.]+(ms)?/~~~
  ---
  {"arguments":{"0":"___/.*/~~~pending-handles.js","1":"child"},"at":{"column":3,"file":"test/test/pending-handles.js","line":21},"command":"___/.*(node|iojs)/~~~","failure":"timeout","results":{"count":2,"fail":1,"ok":false,"pass":1,"plan":{"end":2,"start":1}},"signal":"SIGTERM","source":"t.spawn(process.execPath, [__filename, 'child'], {}, '', { timeout: 200 })\n","timeout":200}
  ...

1..1
# failed 1 of 1 tests
___/# time=[0-9.]+(ms)?/~~~

