TAP version 13
    # Subtest: auto-end on resolve
    1..0
ok 1 - auto-end on resolve ___/# time=[0-9.]+(ms)?/~~~

    # Subtest: auto-end on resolve without cb
    1..0
ok 2 - auto-end on resolve without cb ___/# time=[0-9.]+(ms)?/~~~

    # Subtest: rejected
    not ok 1 - expected error
      ---
      {"at":{"column":34,"file":"test/test/promise-return-mocha.js","line":31},"message":"Error: expected error","source":"setTimeout(reject.bind(null, new Error('expected error'), 150))\n"}
      ...
    1..1
    # failed 1 of 1 tests
not ok 3 - rejected ___/# time=[0-9.]+(ms)?/~~~
  ---
  {"at":{"column":1,"file":"test/test/promise-return-mocha.js","line":29},"results":{"count":1,"fail":1,"ok":false,"pass":0,"plan":{"end":1,"start":1}},"source":"describe('rejected', function (done) {\n"}
  ...

    # Subtest: rejected without cb
    not ok 1 - expected error
      ---
      {"at":{"column":34,"file":"test/test/promise-return-mocha.js","line":37},"message":"Error: expected error","source":"setTimeout(reject.bind(null, new Error('expected error'), 150))\n"}
      ...
    1..1
    # failed 1 of 1 tests
not ok 4 - rejected without cb ___/# time=[0-9.]+(ms)?/~~~
  ---
  {"at":{"column":1,"file":"test/test/promise-return-mocha.js","line":35},"results":{"count":1,"fail":1,"ok":false,"pass":0,"plan":{"end":1,"start":1}},"source":"describe('rejected without cb', function () {\n"}
  ...

1..4
# failed 2 of 4 tests
___/# time=[0-9.]+(ms)?/~~~

