TAP version 13
not ok 1 - child ___/# time=[0-9.]+(ms)?/~~~ {
    not ok 1 - test unfinished
      ---
      {"at":{"column":3,"file":"test/test/teardown-throw-autocomplete.js","line":10},"source":"t.test('child', function (t) {\n","test":"child"}
      ...
    
    not ok 2 - afterEach
      ---
      {"at":{"column":9,"file":"test/test/teardown-throw-autocomplete.js","line":7},"source":"throw new Error('afterEach')\n","test":"child"}
      ...
    
    1..2
    # failed 2 of 2 tests
}

not ok 2 - child teardown
  ---
  {"at":{"column":11,"file":"test/test/teardown-throw-autocomplete.js","line":12},"source":"throw new Error('child teardown')\n","test":"child"}
  ...

1..2
# failed 2 of 2 tests
___/# time=[0-9.]+(ms)?/~~~
Error: TAP teardown
___/^    at .*?:[0-9]+:[0-9]+\)?$/~~~
___/^    at .*?:[0-9]+:[0-9]+\)?$/~~~
___/^    at .*?:[0-9]+:[0-9]+\)?$/~~~
___/^    at .*?:[0-9]+:[0-9]+\)?$/~~~
___/^    at .*?:[0-9]+:[0-9]+\)?$/~~~
___/^    at .*?:[0-9]+:[0-9]+\)?$/~~~
___/^    at .*?:[0-9]+:[0-9]+\)?$/~~~
___/^    at .*?:[0-9]+:[0-9]+\)?$/~~~
___/^    at .*?:[0-9]+:[0-9]+\)?$/~~~
___/^    at .*?:[0-9]+:[0-9]+\)?$/~~~
___/^    at .*?:[0-9]+:[0-9]+\)?$/~~~
___/^    at .*?:[0-9]+:[0-9]+\)?$/~~~
___/^    at .*?:[0-9]+:[0-9]+\)?$/~~~
___/^    at .*?:[0-9]+:[0-9]+\)?$/~~~
___/^    at .*?:[0-9]+:[0-9]+\)?$/~~~
___/^    at .*?:[0-9]+:[0-9]+\)?$/~~~
{ name: 'TAP', autoend: true, test: 'TAP' }

