TAP version 13
    # Subtest: parent of timeout test
        # Subtest: timeout test
            # Subtest: this never completes
                # Subtest: baby
                ok 1 - expect truthy value
                not ok 2 - timeout!
                  ---
                  {"at":{"column":5,"file":"test/test/timeout.js","line":4},"expired":"timeout test","source":"t.test('timeout test', { timeout: 50 }, function (t) {\n","timeout":50}
                  ...
                1..2
                # failed 1 of 2 tests
            not ok 1 - baby ___/# time=[0-9.]+(ms)?/~~~
              ---
              {"at":{"column":10,"file":"test/test/timeout.js","line":6},"results":{"count":2,"fail":1,"ok":false,"pass":1,"plan":{"end":2,"start":1}},"source":"tt.test('baby', function (tt) {\n"}
              ...

            1..1
            # failed 1 of 1 tests
        not ok 1 - this never completes ___/# time=[0-9.]+(ms)?/~~~
          ---
          {"at":{"column":7,"file":"test/test/timeout.js","line":5},"results":{"count":1,"fail":1,"ok":false,"pass":0,"plan":{"end":1,"start":1}},"source":"t.test('this never completes', function (tt) {\n"}
          ...

        1..1
        # failed 1 of 1 tests
    not ok 1 - timeout test ___/# time=[0-9.]+(ms)?/~~~
      ---
      {"at":{"column":5,"file":"test/test/timeout.js","line":4},"results":{"count":1,"fail":1,"ok":false,"pass":0,"plan":{"end":1,"start":1}},"source":"t.test('timeout test', { timeout: 50 }, function (t) {\n","timeout":50}
      ...

    1..1
    # failed 1 of 1 tests
not ok 1 - parent of timeout test ___/# time=[0-9.]+(ms)?/~~~
  ---
  {"at":{"column":3,"file":"test/test/timeout.js","line":3},"results":{"count":1,"fail":1,"ok":false,"pass":0,"plan":{"end":1,"start":1}},"source":"t.test('parent of timeout test', function (t) {\n"}
  ...

1..1
# failed 1 of 1 tests
___/# time=[0-9.]+(ms)?/~~~

