TAP version 13
not ok 1 - bail fail ___/# time=[0-9.]+(ms)?/~~~ {
    not ok 1 - ___/.*(node(js)?|iojs)(.exe)?/~~~ ./test-legacy/test/nesting.js ___/# time=[0-9.]+(ms)?/~~~
      ---
      {"args":["___/.*/~~~nesting.js"],"command":"___/.*(node(js)?|iojs)(.exe)?/~~~","cwd":"___/.*/~~~","exitCode":1}
      ...
    {
        not ok 1 - nesting ___/# time=[0-9.]+(ms)?/~~~ {
            1..2
            ok 1 - first ___/# time=[0-9.]+(ms)?/~~~ {
                1..2
                ok 1 - true is ok
                ok 2 - doag is also okay
            }
            
            not ok 2 - second ___/# time=[0-9.]+(ms)?/~~~ {
                ok 1 - but that is ok
                ok 2 - this passes
                not ok 3 - nested failure
                  ---
                  {"at":{"column":10,"file":"test-legacy/test/nesting.js","line":14},"compare":"===","found":1,"source":"tt.equal(1, '1', 'nested failure')\n","wanted":"1"}
                  ...
                
                Bail out! # nested failure
            }
        }
    }
}
Bail out! # nested failure

