TAP version 13
# Subtest: ___/.*(node(js)?|iojs)(.exe)?/~~~ ./bin/run.js ./test-legacy/test/ok.js -C --grep=nesting --grep=/[ASDF].*d$/gi
    # Subtest: ___/.*/~~~ok.js
        # Subtest: nesting
            1..2
            ok 1 - first # SKIP filter: /[ASDF].*d$/gi
            # Subtest: second
                ok 1 - but that is ok
                ok 2 - this passes
                ok 3 - nested ok
                1..3
            ok 2 - second ___/# time=[0-9.]+(ms)?/~~~
            
            # skip: 1
        ok 1 - nesting ___/# time=[0-9.]+(ms)?/~~~
        
        ok 2 - this passes
        ok 3 - this passes too
        ok 4 - async kid # SKIP filter: /nesting/
        ok 5 - pass after async kid
        1..5
        # skip: 1
        ___/# time=[0-9.]+(ms)?/~~~
    ok 1 - ___/.*/~~~ok.js ___/# time=[0-9.]+(ms)?/~~~
    
    1..1
    ___/# time=[0-9.]+(ms)?/~~~
ok 1 - ___/.*(node(js)?|iojs)(.exe)?/~~~ ./bin/run.js ./test-legacy/test/ok.js -C --grep=nesting --grep=/[ASDF].*d$/gi ___/# time=[0-9.]+(ms)?/~~~

# Subtest: ___/.*(node(js)?|iojs)(.exe)?/~~~ ./bin/run.js ./test-legacy/test/ok.js -C -i --grep=nesting --grep=/[ASDF].*d$/gi
    # Subtest: ___/.*/~~~ok.js
        ok 1 - nesting # SKIP filter out: /nesting/
        ok 2 - this passes
        ok 3 - this passes too
        # Subtest: async kid
            1..2
            ok 1 - timeout
            ok 2 - timeout
        ok 4 - async kid ___/# time=[0-9.]+(ms)?/~~~
        
        ok 5 - pass after async kid
        1..5
        # skip: 1
        ___/# time=[0-9.]+(ms)?/~~~
    ok 1 - ___/.*/~~~ok.js ___/# time=[0-9.]+(ms)?/~~~
    
    1..1
    ___/# time=[0-9.]+(ms)?/~~~
ok 2 - ___/.*(node(js)?|iojs)(.exe)?/~~~ ./bin/run.js ./test-legacy/test/ok.js -C -i --grep=nesting --grep=/[ASDF].*d$/gi ___/# time=[0-9.]+(ms)?/~~~

# invert=false
# Subtest: a
    # Subtest: x
        # Subtest: abc
            # Subtest: 123
                ok 1 - this is fine
                1..1
            ok 1 - 123 ___/# time=[0-9.]+(ms)?/~~~
            
            ok 2 - ijk # SKIP filter: /[246]+/
            1..2
            # skip: 1
        ok 1 - abc ___/# time=[0-9.]+(ms)?/~~~
        
        ok 2 - xyz # SKIP filter: /b/
        1..2
        # skip: 1
    ok 1 - x ___/# time=[0-9.]+(ms)?/~~~
    
    # Subtest: y
        # Subtest: abc
            # Subtest: 123
                ok 1 - this is fine
                1..1
            ok 1 - 123 ___/# time=[0-9.]+(ms)?/~~~
            
            ok 2 - ijk # SKIP filter: /[246]+/
            1..2
            # skip: 1
        ok 1 - abc ___/# time=[0-9.]+(ms)?/~~~
        
        ok 2 - xyz # SKIP filter: /b/
        1..2
        # skip: 1
    ok 2 - y ___/# time=[0-9.]+(ms)?/~~~
    
    ok 3 - z # SKIP filter: /[^z]/
    1..3
    # skip: 1
ok 3 - a ___/# time=[0-9.]+(ms)?/~~~

# invert=true
# Subtest: a
    ok 1 - x # SKIP filter out: /[^z]/
    ok 2 - y # SKIP filter out: /[^z]/
    # Subtest: z
        ok 1 - abc # SKIP filter out: /b/
        # Subtest: xyz
            ok 1 - 123 # SKIP filter out: /[246]+/
            # Subtest: ijk
                ok 1 - this is fine
                1..1
            ok 2 - ijk ___/# time=[0-9.]+(ms)?/~~~
            
            1..2
            # skip: 1
        ok 2 - xyz ___/# time=[0-9.]+(ms)?/~~~
        
        1..2
        # skip: 1
    ok 3 - z ___/# time=[0-9.]+(ms)?/~~~
    
    1..3
    # skip: 2
ok 4 - a ___/# time=[0-9.]+(ms)?/~~~

1..4
___/# time=[0-9.]+(ms)?/~~~

