TAP version 13
ok 1 - a set of tests to be done later ___/# time=[0-9.]+(ms)?/~~~ {
    ok 1 - should have a thingie # TODO
    ok 2 - should have a second whoosits also # TODO
    ok 3 - the subset ___/# time=[0-9.]+(ms)?/~~~ {
        ok 1 - should be a child thingie # TODO
        ok 2 - should also be a whoosits # TODO
        ok 3 - has some of these things ___/# time=[0-9.]+(ms)?/~~~ {
            1..0
        }
        
        1..3
        # todo: 2
    }
    
    1..3
    # todo: 2
}

ok 2 - describe todo # TODO
ok 3 - another set of tests ___/# time=[0-9.]+(ms)?/~~~ {
    ok 1 - is a second set # TODO
    ok 2 - looks like english # TODO
    ok 3 - is marked TODO # TODO
    1..3
    # todo: 3
}

ok 4 - reasonably indented things ___/# time=[0-9.]+(ms)?/~~~ {
    ok 1 - first subset ___/# time=[0-9.]+(ms)?/~~~ {
        ok 1 - has no asserts, only fails to throw ___/# time=[0-9.]+(ms)?/~~~ {
            1..0
        }
        
        ok 2 - is todo # TODO
        ok 3 - is async ___/# time=[0-9.]+(ms)?/~~~ {
            1..0
        }
        
        1..3
        # todo: 1
    }
    
    ok 2 - second subset ___/# time=[0-9.]+(ms)?/~~~ {
        1..0
    }
    
    1..2
}

not ok 5 - failing indented things ___/# time=[0-9.]+(ms)?/~~~ {
    not ok 1 - first subset ___/# time=[0-9.]+(ms)?/~~~ {
        not ok 1 - has no asserts, only throws ___/# time=[0-9.]+(ms)?/~~~ {
            not ok 1 - false is not true on line 50
              ---
              {"actual":false,"at":{"column":7,"file":"test-legacy/test/mochalike.js","line":52},"expected":true,"generatedMessage":false,"operator":"==","source":"ok(false, 'false is not true on line 50')\n","test":"has no asserts, only throws","type":"AssertionError"}
              ...
            
            1..1
            # failed 1 test
        }
        
        ok 2 - does not throw # TODO
        1..2
        # failed 1 of 2 tests
        # todo: 1
    }
    
    not ok 2 - second subset ___/# time=[0-9.]+(ms)?/~~~ {
        not ok 1 - objectify the truthiness
          ---
          {"actual":false,"at":{"column":5,"file":"test-legacy/test/mochalike.js","line":58},"expected":true,"generatedMessage":false,"operator":"==","source":"ok(!{}, 'objectify the truthiness')\n","test":"second subset","type":"AssertionError"}
          ...
        
        1..1
        # failed 1 test
    }
    
    1..2
    # failed 2 of 2 tests
}

not ok 6 - a test passing an error to done() callback ___/# time=[0-9.]+(ms)?/~~~ {
    not ok 1 - is marked as failed ___/# time=[0-9.]+(ms)?/~~~ {
        not ok 1 - error arg
          ---
          {"at":{"column":12,"file":"test-legacy/test/mochalike.js","line":65},"source":"done(new Error('error arg'))\n","test":"is marked as failed"}
          ...
        
        1..1
        # failed 1 test
    }
    
    1..1
    # failed 1 test
}

1..6
# failed 2 of 6 tests
# todo: 1
___/# time=[0-9.]+(ms)?/~~~

