TAP version 13
# Subtest: pass then pass plan()
    1..1
    ok 1 - ok
ok 1 - pass then pass plan() ___/# time=[0-9.]+(ms)?/~~~

not ok 2 - test count exceeds plan
  ---
  {"at":{"column":12,"file":"test-legacy/test/plan-failures.js","line":11},"plan":1,"source":"t[second]('extra')\n","test":"pass then pass plan()"}
  ...

# Subtest: pass then pass end()
    ok 1 - ok
    1..1
ok 3 - pass then pass end() ___/# time=[0-9.]+(ms)?/~~~

not ok 4 - test after end() was called
  ---
  {"at":{"column":12,"file":"test-legacy/test/plan-failures.js","line":11},"plan":1,"source":"t[second]('extra')\n","test":"pass then pass end()"}
  ...

# Subtest: pass then fail plan()
    1..1
    ok 1 - ok
ok 5 - pass then fail plan() ___/# time=[0-9.]+(ms)?/~~~

not ok 6 - test count exceeds plan
  ---
  {"at":{"column":12,"file":"test-legacy/test/plan-failures.js","line":11},"plan":1,"source":"t[second]('extra')\n","test":"pass then fail plan()"}
  ...

# Subtest: pass then fail end()
    ok 1 - ok
    1..1
ok 7 - pass then fail end() ___/# time=[0-9.]+(ms)?/~~~

not ok 8 - test after end() was called
  ---
  {"at":{"column":12,"file":"test-legacy/test/plan-failures.js","line":11},"plan":1,"source":"t[second]('extra')\n","test":"pass then fail end()"}
  ...

# Subtest: fail then pass plan()
    1..1
    not ok 1 - ok
      ---
      {"at":{"column":11,"file":"test-legacy/test/plan-failures.js","line":7},"source":"t[first]('ok')\n"}
      ...
    
    # failed 1 test
not ok 9 - fail then pass plan() ___/# time=[0-9.]+(ms)?/~~~

# Subtest: fail then pass end()
    not ok 1 - ok
      ---
      {"at":{"column":11,"file":"test-legacy/test/plan-failures.js","line":7},"source":"t[first]('ok')\n"}
      ...
    
    1..1
    # failed 1 test
not ok 10 - fail then pass end() ___/# time=[0-9.]+(ms)?/~~~

# Subtest: fail then fail plan()
    1..1
    not ok 1 - ok
      ---
      {"at":{"column":11,"file":"test-legacy/test/plan-failures.js","line":7},"source":"t[first]('ok')\n"}
      ...
    
    # failed 1 test
not ok 11 - fail then fail plan() ___/# time=[0-9.]+(ms)?/~~~

# Subtest: fail then fail end()
    not ok 1 - ok
      ---
      {"at":{"column":11,"file":"test-legacy/test/plan-failures.js","line":7},"source":"t[first]('ok')\n"}
      ...
    
    1..1
    # failed 1 test
not ok 12 - fail then fail end() ___/# time=[0-9.]+(ms)?/~~~

1..12
# failed 8 of 12 tests
___/# time=[0-9.]+(ms)?/~~~

