TAP version 13
# Subtest: one
    # Subtest: two
        # Subtest: child of 2
            # Subtest: grandchild of 2
                ok 1 - this is fine
                1..1
            ok 1 - grandchild of 2 ___/# time=[0-9.]+(ms)?/~~~
            
            1..1
        ok 1 - child of 2 ___/# time=[0-9.]+(ms)?/~~~
        
        1..1
    ok 1 - two ___/# time=[0-9.]+(ms)?/~~~
    
    # Subtest: second child of 2
        1..0
    ok 2 - second child of 2 ___/# time=[0-9.]+(ms)?/~~~
    
    1..2
ok 1 - one ___/# time=[0-9.]+(ms)?/~~~

# Subtest: three
    1..0
ok 2 - three ___/# time=[0-9.]+(ms)?/~~~

# Subtest: some_function_name
    ok 1 - resolved to 1
    1..1
ok 3 - some_function_name ___/# time=[0-9.]+(ms)?/~~~

# Subtest: ___/.*(node(js)?|iojs)(.exe)?.*/~~~promise.js child
    # Subtest: one
        # Subtest: two
            # Subtest: child of 2
                # Subtest: grandchild of 2
                    ok 1 - this is fine
                    1..1
                ok 1 - grandchild of 2 ___/# time=[0-9.]+(ms)?/~~~
                
                1..1
            ok 1 - child of 2 ___/# time=[0-9.]+(ms)?/~~~
            
            1..1
        ok 1 - two ___/# time=[0-9.]+(ms)?/~~~
        
        # Subtest: second child of 2
            1..0
        ok 2 - second child of 2 ___/# time=[0-9.]+(ms)?/~~~
        
        1..2
    ok 1 - one ___/# time=[0-9.]+(ms)?/~~~
    
    # Subtest: three
        1..0
    ok 2 - three ___/# time=[0-9.]+(ms)?/~~~
    
    # Subtest: some_function_name
        ok 1 - resolved to 1
        1..1
    ok 3 - some_function_name ___/# time=[0-9.]+(ms)?/~~~
    
    # Subtest: spawned
        ok 1 - in the spawned child
        1..1
    ok 4 - spawned ___/# time=[0-9.]+(ms)?/~~~
    
    ok 5 - is root tap test
    ok 6 - has no parent
    ok 7 - this is fine
    1..7
    ___/# time=[0-9.]+(ms)?/~~~
ok 4 - ___/.*(node(js)?|iojs)(.exe)?.*/~~~promise.js child ___/# time=[0-9.]+(ms)?/~~~

ok 5 - is root tap test
ok 6 - has no parent
ok 7 - this is fine
1..7
___/# time=[0-9.]+(ms)?/~~~

