TAP version 13
not ok 1 - spawn that throws ___/# time=[0-9.]+(ms)?/~~~ {
    not ok 1 - ___/.*(node(js)?|iojs)(.exe)?/~~~ ./test-legacy/test/ok.js ___/# time=[0-9.]+(ms)?/~~~
      ---
      {"args":["___/.*/~~~ok.js"],"command":"___/.*(node(js)?|iojs)(.exe)?/~~~","cwd":"___/.*/~~~"}
      ...
    {
        
        not ok 1 - now is fine
          ---
          {"args":["___/.*/~~~ok.js"],"at":{"column":14,"file":"test-legacy/test/spawn-failures.js","line":25},"command":"___/.*(node(js)?|iojs)(.exe)?/~~~","cwd":"___/.*/~~~","source":"throwNow = new Error('now is fine')\n","test":"___/.*(node(js)?|iojs)(.exe)?/~~~ ./test-legacy/test/ok.js"}
          ...
        1..1
        # failed 1 test
    }
    
    1..1
    # failed 1 test
}

not ok 2 - spawn that throws ___/# time=[0-9.]+(ms)?/~~~ {
    not ok 1 - ___/.*(node(js)?|iojs)(.exe)?/~~~ ./test-legacy/test/ok.js ___/# time=[0-9.]+(ms)?/~~~
      ---
      {"args":["___/.*/~~~ok.js"],"command":"___/.*(node(js)?|iojs)(.exe)?/~~~","cwd":"___/.*/~~~"}
      ...
    {
        
        not ok 1 - later is fine
          ---
          {"args":["___/.*/~~~ok.js"],"at":{"column":16,"file":"test-legacy/test/spawn-failures.js","line":34},"command":"___/.*(node(js)?|iojs)(.exe)?/~~~","cwd":"___/.*/~~~","source":"throwLater = new Error('later is fine')\n","test":"___/.*(node(js)?|iojs)(.exe)?/~~~ ./test-legacy/test/ok.js"}
          ...
        1..1
        # failed 1 test
    }
    
    1..1
    # failed 1 test
}

1..2
# failed 2 of 2 tests
___/# time=[0-9.]+(ms)?/~~~

