TAP version 13
# before
# Subtest: fake stdin
    1..3
    ok 1 - child {
        1..1
        ok
    }
    ok 2 - empty {
        
    }
    ok 3
ok 1 - fake stdin ___/# time=[0-9.]+(ms)?/~~~

# between
#### TAP version 13
#### 1..3
#### ok 1 - child {
####     1..1
####     ok
#### }
#### ok 2 - empty {
####     
#### }
#### ok 3
# after
# Subtest: /dev/stdin
    1..3
    ok 1 - child {
        1..1
        ok
    }
    ok 2 - empty {
        
    }
    ok 3
    
    not ok 4 - expect to throw this
    
    # test count(4) != plan(3)
    # failed 2 of 4 tests
not ok 2 - /dev/stdin ___/# time=[0-9.]+(ms)?/~~~
  ---
  {"at":{"column":17,"file":"test-legacy/test/stdin.js","line":60},"failures":[{"id":4,"name":"expect to throw this","plan":{"end":3,"start":1},"tapError":"id greater than plan end"},{"id":4,"name":"expect to throw this","plan":{"end":3,"start":1},"tapError":"id greater than plan end"}],"source":"p.emit('error', new Error('expect to throw this'))\n","test":"/dev/stdin"}
  ...

1..2
# failed 1 of 2 tests
___/# time=[0-9.]+(ms)?/~~~

