TAP version 13
############## step1 startup
ok 1 - step1 ___/# time=[0-9.]+(ms)?/~~~ {
    1..0
}

############## step1 teardown
############## step2 startup
ok 2 - step2 ___/# time=[0-9.]+(ms)?/~~~ {
    1..0
}

############## step2 teardown
############## step3 startup
############## step4 startup
ok 3 - step3 ___/# time=[0-9.]+(ms)?/~~~ {
    1..0
}

############## step3 teardown
ok 4 - step4 ___/# time=[0-9.]+(ms)?/~~~ {
    1..0
}

############## step4 teardown
not ok 5 - ############## step1 teardown
  ---
  {"at":{"column":11,"file":"test-legacy/test/teardown-timing-throws.js","line":7},"source":"throw new Error('############## step1 teardown')\n","test":"step1"}
  ...

not ok 6 - ############## step1 teardown
  ---
  {"at":{"column":11,"file":"test-legacy/test/teardown-timing-throws.js","line":16},"source":"throw new Error('############## step1 teardown')\n","test":"step2"}
  ...

not ok 7 - ############## step3 teardown
  ---
  {"at":{"column":11,"file":"test-legacy/test/teardown-timing-throws.js","line":25},"source":"throw new Error('############## step3 teardown')\n","test":"step3"}
  ...

not ok 8 - ############## step1 teardown
  ---
  {"at":{"column":11,"file":"test-legacy/test/teardown-timing-throws.js","line":34},"source":"throw new Error('############## step1 teardown')\n","test":"step4"}
  ...

1..8
# failed 4 of 8 tests
___/# time=[0-9.]+(ms)?/~~~

