TAP version 13
not ok 1 - t1 ___/# time=[0-9.]+(ms)?/~~~ {
    not ok 1 - t11 ___/# time=[0-9.]+(ms)?/~~~ {
        1..1
        not ok 1 - test unfinished
          ---
          {"at":{"column":5,"file":"test-legacy/test/unfinished.js","line":4},"source":"t.test('t11', function (t) {\n","test":"t11"}
          ...
        
        # failed 1 test
    }
    
    ok 2 - this would be ok if it ever happened
    1..2
    # failed 1 of 2 tests
}

ok 2 - 1 === 1
ok 3 - expect truthy value
not ok 4 - failsome
  ---
  {"at":{"column":5,"file":"test-legacy/test/unfinished.js","line":23},"hoo":"hah","source":"tap.fail('failsome', { hoo: 'hah' })\n"}
  ...

not ok 5 - child test left in queue: t.spawn spawny
not ok 6 - child test left in queue: t.spawn ___/.*(node(js)?|iojs)(.exe)?/~~~ --version
not ok 7 - child test left in queue: t.test
not ok 8 - child test left in queue: t.test
not ok 9 - child test left in queue: t.test t2
1..4
# test count(9) != plan(4)
# failed 7 of 9 tests
___/# time=[0-9.]+(ms)?/~~~

